=== SF5.3 live drive: remote supervision ===
build under test : C:\code\conductor\src\Conductor\bin\Debug\net10.0\conductor.exe
build stamp      : 2026-08-01 13:37:09Z

telegram token available to the watch process: True   (value never printed)
listener ports (probed free, not 4317/4318): plan=65142  one-off=65143

rig plan: C:/Users/shahi/AppData/Local/Temp/sarban-proofs/sf53a/rig.plan.json
local supervisor: maxPerHour 1, one fire already on the ledger  -> it must NOT run

watch (plan remote) pid 26292   watch (--notify) pid 24796
watch(plan) exit 0   watch(--notify) exit 0   engine exit 0   [watch: 0=wake 10=heartbeat]

--- A: the listener process received the wake ---
webhook body written by the listener : True
body is byte-for-byte the brief on the watch's stdout: True  (889 chars)
  reason         : run-ended
  plan           : SF53-REMOTE-PROOF-scratch-rig-not-your-run
  standingOrders : SF5.3 proof rig: escalate everything.
  suggest        : conductor status | conductor report

--- B: the credential was expanded from the environment, not stored in the plan ---
method: POST
content-type: application/json; charset=utf-8
  arrived expanded  : True   (header value never printed)
  literal in plan   : True   (the plan names it, never contains it)
  token in the plan : False   (must be False)
  unset-var header dropped: True   (must be True)

--- C: the local supervisor was rate limited on this same wake ---
local supervisor ran     : False   (must be False)
remote fires ledger      : 1 line(s)
supervisor fires ledger  : 1 line(s)   (the pre-seeded one only: two fuses, two ledgers)

--- watch(plan) stderr: the human channel ---
watching SF53-REMOTE-PROOF-scratch-rig-not-your-run (C:/Users/shahi/AppData/Local/Temp/sarban-proofs/sf53a\.conductor) - run d70c3a00, 5 event(s) of history folded, engine alive, no heartbeat - silent until the wake set fires
remote webhook - delivered: 127.0.0.1 200 in 0.3s [dropped header(s) X-Wake-Missing: env var not set]
remote telegram - delivered: chat 99205495 200 in 0.4s
supervisor not run - rate limited: 1 supervisor fire(s) this hour, cap 1 (raise supervisor.maxPerHour, or read the brief yourself - a supervisor hitting this is usually a run stuck on one cause)

--- E: --notify replaced the whole block ---
one-off listener got the brief : True
--- watch(--notify) stderr ---
watching SF53-REMOTE-PROOF-scratch-rig-not-your-run (C:/Users/shahi/AppData/Local/Temp/sarban-proofs/sf53a\.conductor) - run d70c3a00, 5 event(s) of history folded, engine alive, no heartbeat - silent until the wake set fires
remote webhook - delivered: 127.0.0.1 200 in 0.2s
supervisor not run - rate limited: 1 supervisor fire(s) this hour, cap 1 (raise supervisor.maxPerHour, or read the brief yourself - a supervisor hitting this is usually a run stuck on one cause)

--- D: the phone line that went to api.telegram.org (rendered from the same brief) ---
reason=run-ended plan=SF53-REMOTE-PROOF-scratch-rig-not-your-run stage=T1 spend=0.01
(delivery status is the 'remote telegram' line in watch(plan) stderr above)
