 ◆ conductor  ● LIVE  …/conductor  ▶ RUNNING  F7 Gate caching + trut…  ⠋ s12 $0.12 41s  cp 2/40  run $0.42    
 h a s t o  c Console  e p r k g b                                                                            
                           │                                                                                  
 ▶ PLAN                    │  {"type":"system","subtype":"init","session_id":"s12","model":"deepseek-v4-pro…  
 ✓ F0 3/3 Foundations      │  {"type":"assistant","message":{"content":[{"type":"text","text":"Examining Ga…  
 ✓ F6 5/5 Ink TUI v1       │  {"type":"result","subtype":"success","total_cost_usd":0.12,"num_turns":4}       
 ● F7 2/5 Gate … 1× $0.30  │  3 lines · ● live tail                                                           
   ✓ F7.1 Plan import      │                                                                                  
   ✓ F7.2 Re-import diff   │                                                                                  
   ● F7.3 Truth-gate tier  │                                                                                  
 ○ F8 0/4 conductor chat…  │                                                                                  
                           │                                                                                  
 ── GATES ──               │                                                                                  
   ✓ build                 │                                                                                  
   ● test 4s               │                                                                                  
   ○ lint                  │                                                                                  
                           │                                                                                  
 ── TASKS ──               │                                                                                  
   ✓ Add truth-tier con…   │                                                                                  
   ● Wire RunDb.GetLast…   │                                                                                  
   ○ Cache gate results…   │                                                                                  
                           │                                                                                  
                           │                                                                                  
                           │                                                                                  
                           │                                                                                  
                           │                                                                                  
                           │                                                                                  
                           │                                                                                  
                           │                                                                                  
                           │                                                                                  
                           │                                                                                  
                           │                                                                                  
                           │                                                                                  
 : cmd  i inject  / search  \ sidebar  ? help  q quit   │   ↑↓ scroll · pgup/pgdn · home/end                  