 ◆ conductor │ ● LIVE │ conductor-foreman │ F7 Gate caching + truth gates + speed program │ ● $0.12 │ CP 2/40 
▸ Session #12 started · Deliver · Stage F7 · Attempt 1                                                        
⁙ Let me examine the GateCache implementation...                                                              
⚙ read src/Conductor/Core/Gating/GateCache.cs                                                                 
↳ GateCache.cs:142 lines — caches by (name, tier, sha)                                                        
▸ Found the caching layer. Adding GetLastPassingGateResult to RunDb.                                          
                                                                                                              
                                                                                                              
                                                                                                              
                                                                                                              
                                                                                                              
                                                                                                              
                                                                                                              
                                                                                                              
                                                                                                              
                                                                                                              
                                                                                                              
                                                                                                              
                                                                                                              
                                                                                                              
                                                                                                              
                                                                                                              
                                                                                                              
                                                                                                              
                                                                                                              
                                                                                                              
                                                                                                              
                                                                                                              
                                                                                                              
                                                                                                              
                                                                                                              
                                                                                                              
 ✓  build · ●  test (4.1s) · ○  lint                                                                          
 : palette  p sidebar  g plan  i inject  e templates  h history  s procs  r query  / search  ? help           