 ◆ conductor  ● LIVE  …/conductor  ▶ RUNNING  F7 Gate caching + trut…  ⠋ s12 $0.12 41s  cp 2/40  run $0.42    
 h a  s History  o e p r k g b                                                                                
                           │                                                                                  
 ▶ PLAN                    │  ○ Sessions s   ● Spine t                                                        
 ✓ F0 3/3 Foundations      │  10:00:05 ▸ session #11 Deliver started                                          
 ✓ F6 5/5 Ink TUI v1       │  10:03:40 ✗ gate test: FAIL (4100ms)                                             
 ● F7 2/5 Gate … 1× $0.30  │  10:03:55 ▸ session #11 finished: NeedsRetry  $0.18                              
   ✓ F7.1 Plan import      │  10:07:00 ⚠ needs human: verifier score 74 < 80                                  
   ✓ F7.2 Re-import diff   │  ──────────────────────────────────── live ────────────────────────────────────  
   ● F7.3 Truth-gate tier  │  10:09:00 ▸ session #12 Deliver started                                          
 ○ F8 0/4 conductor chat…  │  6 events                                                                        
                           │  ──────────────────────────────────────────────────────────────────────────────  
 ── GATES ──               │  ◆ stage                                                                         
   ✓ build                 │  stage F7 entered                                                                
   ● test 4s               │  stage F7 · 10:00:00 UTC                                                         
   ○ lint                  │                                                                                  
                           │                                                                                  
 ── TASKS ──               │                                                                                  
   ✓ Add truth-tier con…   │                                                                                  
   ● Wire RunDb.GetLast…   │                                                                                  
   ○ Cache gate results…   │                                                                                  
                           │                                                                                  
                           │                                                                                  
                           │                                                                                  
                           │                                                                                  
                           │                                                                                  
                           │                                                                                  
                           │                                                                                  
                           │                                                                                  
                           │                                                                                  
                           │                                                                                  
                           │                                                                                  
                           │                                                                                  
 : cmd  i inject  / search  \ sidebar  ? help  q quit   │   ↑↓ navigate · r refresh · ←/→ view                