 ◆ conductor  ● OFFLINE  waiting for a run at http://127.0.0.1:4317                                           
  h Home  a s o e p r k g b                                                                                   
                           │                                                                                  
 ▶ PLAN                    │  Server                                                                          
                           │  engine     not running — nothing is listening on http://127.0.0.1:4317          
                           │  streams    ● events   ● transcript                                              
                           │                                                                                  
                           │  No run attached. Start one:                                                     
                           │    conductor run -p plans/<your>.plan.json                                       
                           │    conductor journey -p plans/<your>.plan.json  (map it first)                   
                           │                                                                                  
                           │  This Face finds .conductor/control-plane.json and attaches.                     
                           │  Or explore offline:  conductor-face --demo                                      
                           │                                                                                  
                           │  Run                                                                             
                           │  no run detected                                                                 
                           │                                                                                  
                           │  Workspace                                                                       
                           │  the working directory every session edits                                       
                           │  repo       —                                                                    
                           │  plan file  —                                                                    
                           │  tracker    —                                                                    
                           │  state dir  —                                                                    
                           │                                                                                  
                           │  Next steps                                                                      
                           │    no run detected — start one with conductor run -p <plan>                      
                           │    map it first with conductor journey -p <plan>                                 
                           │    ?  see every key                                                              
                           │                                                                                  
                           │  Wiring                                                                          
                           │  token      present                                                              
                           │                                                                                  
                           │                                                                                  
 : cmd  i inject  / search  \ sidebar  ? help  q quit   │   a agent · r report · w owner queue · ? keys       