                                                                                                              
                                                                                                              
                                                                                                              
                                                                                                              
                                                                                                              
                                                                                                              
                                                                                                              
                                                                                                              
                                                                                                              
                 ╭──────────────────────────────────────────────────────────────────────────╮                 
                 │                                                                          │                 
                 │  ◆ Command Palette                                                       │                 
                 │  ──────────────────────────────────────────────────────────────────────  │                 
                 │                                                                          │                 
                 │                                                                          │                 
                 │    Jump to stage id:                                                     │                 
                 │                                                                          │                 
                 │    F7▏                                                                   │                 
                 │                                                                          │                 
                 │                                                                          │                 
                 │  ──────────────────────────────────────────────────────────────────────  │                 
                 │  [enter: confirm] [esc: back]                                            │                 
                 │                                                                          │                 
                 ╰──────────────────────────────────────────────────────────────────────────╯                 
                                                                                                              
                                                                                                              
                                                                                                              
                                                                                                              
                                                                                                              
                                                                                                              
                                                                                                              
                                                                                                              
                                                                                                              
                                                                                                              