                                                                                                              
                                                                                                              
                                                                                                              
                                                                                                              
                                                                                                              
                                                                                                              
                                                                                                              
                                                                                                              
                                                                                                              
                                                                                                              
                 ╔══════════════════════════════════════════════════════════════════════════╗                 
                 ║                                                                          ║                 
                 ║  Command Palette                                                         ║                 
                 ║                                                                          ║                 
                 ║                                                                          ║                 
                 ║    ⚠ abort Abort run immediately                                         ║                 
                 ║    This is a destructive action.                                         ║                 
                 ║                                                                          ║                 
                 ║    Confirm? [y/N]                                                        ║                 
                 ║                                                                          ║                 
                 ║                                                                          ║                 
                 ║  [y: confirm] [n/esc: cancel]                                            ║                 
                 ║                                                                          ║                 
                 ╚══════════════════════════════════════════════════════════════════════════╝                 
                                                                                                              
                                                                                                              
                                                                                                              
                                                                                                              
                                                                                                              
                                                                                                              
                                                                                                              
                                                                                                              
                                                                                                              
                                                                                                              