 ◆ conductor  ● LIVE  ▶ RUNNING  F7 Gate caching + trut…  ⠋ s12 $0.12 41s  cp 2/40  run $0.42                 
  a Agent   s Sessions   t Timeline   o Procs   c Console   e Templates   p Plan   r Report   k Knowledge   g 
                           │                                                                                  
 ▶ PLAN                    │  s12 Deliver · attempt 1/3 · architect  ◆ F7.3 Wire caching layer         ⠋ 41s  
 ✓ F0 3/3 Foundations      │  build ✓ · test ● 4s · lint ○    task 1/3 ▸ Wire RunDb.GetLastPassingGateResult  
 ✓ F6 5/5 Ink TUI v1       │  ──────────────────────────────────────────────────────────────────────────────  
 ● F7 2/5 Gate … 1× $0.30  │  10:04:01 ▸ Session #12 started · Deliver · Stage F7 · Attempt 1                 
   ✓ F7.1 Plan import      │  10:04:09 ⁙ Let me examine the GateCache implementation...                       
   ✓ F7.2 Re-import diff   │  10:04:14 ⚙ read src/Conductor/Core/Gating/GateCache.cs                          
   ● F7.3 Truth-gate tier  │  10:04:15 ↳ GateCache.cs:142 lines — caches by (name, tier, sha)                 
 ○ F8 0/4 conductor chat…  │  10:04:22 ▸ Found the caching layer. Adding GetLastPassingGateResult to RunDb.   
                           │                                                                                  
 ── GATES ──               │                                                                                  
   ✓ build                 │                                                                                  
   ● test 4s               │                                                                                  
   ○ lint                  │                                                                                  
                           │                                                                                  
 ── TASKS ──               │                                                                                  
   ✓ Add truth-tier con…   │                                                                                  
   ● Wire RunDb.GetLast…   │                                                                                  
   ○ Cache gate results…   │                                                                                  
                           │                                                                                  
                           │                                                                                  
                           │                                                                                  
                           │                                                                                  
                           │                                                                                  
                           │                                                                                  
                           │                                                                                  
                           │                                                                                  
                           │                                                                                  
                           │                                                                                  
                           │                                                                                  
                           │                                                                                  
 goto stage› F7▏                                                                                              