 ◆ conductor  ● LIVE  ▶ RUNNING  F7 Gate caching + trut…  ⠋ s12 $0.12 41s  cp 2/40  run $0.42                 
 a s t o c e  p Plan  r k g b                                                                                 
                           │                                                                                  
 ▶ PLAN                    │   Stages · Gates · Settings · Import · Prompt    conductor-foreman · v7          
 ✓ F0 3/3 Foundations      │                                                                                  
 ✓ F6 5/5 Ink TUI v1       │    + new gate                                                                    
 ● F7 2/5 Gate … 1× $0.30  │                                                                                  
   ✓ F7.1 Plan import      │    name      lint                                                                
   ✓ F7.2 Re-import diff   │    command   dotnet format▏                                                      
   ● F7.3 Truth-gate tier  │                                                                                  
 ○ F8 0/4 conductor chat…  │                                                                                  
                           │                                                                                  
 ── GATES ──               │                                                                                  
   ✓ build                 │                                                                                  
   ● test 4s               │                                                                                  
   ○ lint                  │                                                                                  
                           │                                                                                  
 ── TASKS ──               │                                                                                  
   ✓ Add truth-tier con…   │                                                                                  
   ● Wire RunDb.GetLast…   │                                                                                  
   ○ Cache gate results…   │                                                                                  
                           │                                                                                  
                           │                                                                                  
                           │                                                                                  
                           │                                                                                  
                           │                                                                                  
                           │                                                                                  
                           │                                                                                  
                           │                                                                                  
                           │                                                                                  
                           │                                                                                  
                           │                                                                                  
                           │                                                                                  
 : cmd  i inject  / search  \ sidebar  ? help  q quit   │   type · tab field · enter add · esc cancel         