                                                                                                              
                                                                                                              
                                                                                                              
                                                                                                              
                                                                                                              
                                                                                                              
                                                                                                              
                                                                                                              
                 ╭──────────────────────────────────────────────────────────────────────────╮                 
                 │                                                                          │                 
                 │  ◆ Plan Editor                                                           │                 
                 │  ──────────────────────────────────────────────────────────────────────  │                 
                 │                                                                          │                 
                 │     Stages · Gates · Settings · Import                                   │                 
                 │    conductor-foreman · v7                                                │                 
                 │                                                                          │                 
                 │    2 change(s):                                                          │                 
                 │                                                                          │                 
                 │    + stage M8 AFK and smart setup                                        │                 
                 │    ~ F7.sessions 5 → 6                                                   │                 
                 │                                                                          │                 
                 │  ──────────────────────────────────────────────────────────────────────  │                 
                 │  [a: apply] [esc: back]                                                  │                 
                 │                                                                          │                 
                 ╰──────────────────────────────────────────────────────────────────────────╯                 
                                                                                                              
                                                                                                              
                                                                                                              
                                                                                                              
                                                                                                              
                                                                                                              
                                                                                                              
                                                                                                              
                                                                                                              