 ◆ conductor  ● LIVE  ▶ RUNNING  F7 Gate caching + trut…  ⠋ s12 $0.12 41s  cp 2/40  run $0.42                 
 h a s t o c e  p Plan  r k g b                                                                               
                           │                                                                                  
 ▶ PLAN                    │   Stages · Gates · Settings · Import · Prompt    conductor-foreman · v7          
 ✓ F0 3/3 Foundations      │                                                                                  
 ✓ F6 5/5 Ink TUI v1       │    F6   Ink TUI v1               5s·deliver claude-opus-4-8                      
 ● F7 2/5 Gate … 1× $0.30  │    F7   Gate caching + truth ga… 5s·deliver claude-opus-4-8                      
   ✓ F7.1 Plan import      │    F8   conductor chat + Telegr… 4s·deliver claude-sonnet-5                      
   ✓ F7.2 Re-import diff   │                                                                                  
   ● F7.3 Truth-gate tier  │    ⚠ delete stage F7 ?  y/N                                                      
 ○ F8 0/4 conductor chat…  │                                                                                  
                           │                                                                                  
 ── GATES ──               │                                                                                  
   ✓ build                 │                                                                                  
   ● test 4s               │                                                                                  
   ○ lint                  │                                                                                  
                           │                                                                                  
 ── TASKS ──               │                                                                                  
   ✓ Add truth-tier con…   │                                                                                  
   ● Wire RunDb.GetLast…   │                                                                                  
   ○ Cache gate results…   │                                                                                  
                           │                                                                                  
                           │                                                                                  
                           │                                                                                  
                           │                                                                                  
                           │                                                                                  
                           │                                                                                  
                           │                                                                                  
                           │                                                                                  
                           │                                                                                  
                           │                                                                                  
                           │                                                                                  
                           │                                                                                  
 : cmd  i inject  / search  \ sidebar  ? help  q quit   │   y confirm · n cancel                              