 ◆ conductor  ● LIVE  ▶ RUNNING  F7 Gate caching + trut…  ⠋ s12 $0.12 41s  cp 2/40  run $0.42                 
  a Agent   h Sessions   t Timeline   s Procs   c Console   e Templates   g Plan   r Report   k Knowledge   l 
                           │                                                                                  
 ▶ PLAN                    │   Stages · Gates · Settings · Import    conductor-foreman · v7                   
 ✓ F0 3/3 Foundations      │                                                                                  
 ✓ F6 5/5 Ink TUI v1       │    2 change(s):                                                                  
 ● F7 2/5 Gate … 1× $0.30  │                                                                                  
   ✓ F7.1 Plan import      │    + stage M8 AFK and smart setup                                                
   ✓ F7.2 Re-import diff   │    ~ F7.sessions 5 → 6                                                           
   ● F7.3 Truth-gate tier  │                                                                                  
 ○ F8 0/4 conductor chat…  │                                                                                  
                           │                                                                                  
 ── GATES ──               │                                                                                  
   ✓ build                 │                                                                                  
   ● test 4s               │                                                                                  
   ○ lint                  │                                                                                  
                           │                                                                                  
 ── TASKS ──               │                                                                                  
   ✓ Add truth-tier con…   │                                                                                  
   ● Wire RunDb.GetLast…   │                                                                                  
   ○ Cache gate results…   │                                                                                  
                           │                                                                                  
                           │                                                                                  
                           │                                                                                  
                           │                                                                                  
                           │                                                                                  
                           │                                                                                  
                           │                                                                                  
                           │                                                                                  
                           │                                                                                  
                           │                                                                                  
                           │                                                                                  
                           │                                                                                  
 : cmd  i inject  / search  p sidebar  ? help  q quit   │   a apply · esc back                                