 ◆ conductor  ● LIVE  …/conductor  ▶ RUNNING  F7 Gate caching + trut…  ⠋ s12 $0.12 41s  cp 2/40  run $0.42    
 h a s o e  p Plan  r k g b                                                                                   
                           │                                                                                  
 ▶ PLAN                    │   Stages · Gates · Settings · Import · Prompt    conductor-foreman · v7          
 ✓ F0 3/3 Foundations      │                                                                                  
 ✓ F6 5/5 Ink TUI v1       │    interpreted by claude-fable-5                                                 
 ● F7 2/5 Gate … 1× $0.30  │    1 change(s):                                                                  
   ✓ F7.1 Plan import      │                                                                                  
   ✓ F7.2 Re-import diff   │    + gate lint fast  dotnet format --verify-no-changes                           
   ● F7.3 Truth-gate tier  │                                                                                  
 ○ F8 0/4 conductor chat…  │                                                                                  
                           │                                                                                  
 ── GATES ──               │                                                                                  
   ✓ build                 │                                                                                  
   ● test 4s               │                                                                                  
   ○ lint                  │                                                                                  
                           │                                                                                  
 ── TASKS ──               │                                                                                  
   ✓ Add truth-tier con…   │                                                                                  
   ● Wire RunDb.GetLast…   │                                                                                  
   ○ Cache gate results…   │                                                                                  
                           │                                                                                  
                           │                                                                                  
                           │                                                                                  
                           │                                                                                  
                           │                                                                                  
                           │                                                                                  
                           │                                                                                  
                           │                                                                                  
                           │                                                                                  
                           │                                                                                  
                           │                                                                                  
                           │                                                                                  
 : cmd  i inject  / search  \ sidebar  ? help  q quit   │   a apply · esc back                                