 ◆ conductor  ● LIVE  ▶ RUNNING  F7 Gate caching + trut…  ⠋ s12 $0.12 41s  cp 2/40  run $0.42                 
  a Agent   s Sessions   t Timeline   o Procs   c Console   e Templates   p Plan   r Report   k Knowledge   g 
                           │                                                                                  
 ▶ PLAN                    │    PID    PURPOSE                STAGE  RUNTIME                                  
 ✓ F0 3/3 Foundations      │  ● 4512   session                F7     4m32s                                    
 ✓ F6 5/5 Ink TUI v1       │  ○ 8723   gate:test              F7     19s                                      
 ● F7 2/5 Gate … 1× $0.30  │                                                                                  
   ✓ F7.1 Plan import      │  last: [agent] Working on gate caching...                                        
   ✓ F7.2 Re-import diff   │                                                                                  
   ● F7.3 Truth-gate tier  │    ⚠ kill pid 4512 (session) ?  y/N                                              
 ○ F8 0/4 conductor chat…  │                                                                                  
                           │                                                                                  
 ── GATES ──               │                                                                                  
   ✓ build                 │                                                                                  
   ● test 4s               │                                                                                  
   ○ lint                  │                                                                                  
                           │                                                                                  
 ── TASKS ──               │                                                                                  
   ✓ Add truth-tier con…   │                                                                                  
   ● Wire RunDb.GetLast…   │                                                                                  
   ○ Cache gate results…   │                                                                                  
                           │                                                                                  
                           │                                                                                  
                           │                                                                                  
                           │                                                                                  
                           │                                                                                  
                           │                                                                                  
                           │                                                                                  
                           │                                                                                  
                           │                                                                                  
                           │                                                                                  
                           │                                                                                  
                           │                                                                                  
 : cmd  i inject  / search  \ sidebar  ? help  q quit   │   y confirm · n cancel                              