                                                                                                              
                                                                                                              
                                                                                                              
                                                                                                              
                                                                                                              
                                                                                                              
                                                                                                              
                                                                                                              
                                                                                                              
                                                                                                              
                 ╭──────────────────────────────────────────────────────────────────────────╮                 
                 │                                                                          │                 
                 │  ◆ Supervised Processes                                                  │                 
                 │  ──────────────────────────────────────────────────────────────────────  │                 
                 │                                                                          │                 
                 │  ● 4512   session              F7     4m32s                              │                 
                 │  ○ 8723   gate:test            F7     19s                                │                 
                 │                                                                          │                 
                 │    last: [agent] Working on gate caching...                              │                 
                 │                                                                          │                 
                 │  ──────────────────────────────────────────────────────────────────────  │                 
                 │  [↑↓: navigate] [esc: close]                                             │                 
                 │                                                                          │                 
                 ╰──────────────────────────────────────────────────────────────────────────╯                 
                                                                                                              
                                                                                                              
                                                                                                              
                                                                                                              
                                                                                                              
                                                                                                              
                                                                                                              
                                                                                                              
                                                                                                              
                                                                                                              