                                                                                                              
                                                                                                              
                                                                                                              
                                                                                                              
                                                                                                              
                                                                                                              
                 ╭──────────────────────────────────────────────────────────────────────────╮                 
                 │                                                                          │                 
                 │  ◆ Template Editor                                                       │                 
                 │  ──────────────────────────────────────────────────────────────────────  │                 
                 │                                                                          │                 
                 │    Compiled prompt · stage F7                                            │                 
                 │                                                                          │                 
                 │    model deepseek/deepseek-v4-pro · kind Deliver                         │                 
                 │                                                                          │                 
                 │    # Deliver session — stage F7                                          │                 
                 │                                                                          │                 
                 │    You are the conductor's delivery agent. Land the checkpoints for      │                 
                 │  stage F7.                                                               │                 
                 │                                                                          │                 
                 │    ## Tools                                                              │                 
                 │    conductor note / bg / task --done <id> --evidence <path>              │                 
                 │                                                                          │                 
                 │  ──────────────────────────────────────────────────────────────────────  │                 
                 │  [v: hide preview] [esc: back]                                           │                 
                 │                                                                          │                 
                 ╰──────────────────────────────────────────────────────────────────────────╯                 
                                                                                                              
                                                                                                              
                                                                                                              
                                                                                                              
                                                                                                              
                                                                                                              
                                                                                                              