 ◆ conductor  ● LIVE  ▶ RUNNING  F7 Gate caching + trut…  ⠋ s12 $0.12 41s  cp 2/40  run $0.42                 
 a s t o c e p  r Report  k g b                                                                               
                           │                                                                                  
 ▶ PLAN                    │  Queries (↑↓ pick · enter run):                                                  
 ✓ F0 3/3 Foundations      │    cost per stage                                                                
 ✓ F6 5/5 Ink TUI v1       │    which gates fail most                                                         
 ● F7 2/5 Gate … 1× $0.30  │    recent sessions                                                               
   ✓ F7.1 Plan import      │    verifier scores                                                               
   ✓ F7.2 Re-import diff   │                                                                                  
   ● F7.3 Truth-gate tier  │  SQL (tab to focus/blur):                                                        
 ○ F8 0/4 conductor chat…  │   s ON s.number = c.session_number AND s.run_id = c.run_id GROUP BY s.stage_id   
                           │                                                                                  
 ── GATES ──               │  stage_id  cost_usd                                                              
   ✓ build                 │  F1        0.42                                                                  
   ● test 4s               │  F7        0.08                                                                  
   ○ lint                  │  2 rows                                                                          
                           │                                                                                  
 ── TASKS ──               │                                                                                  
   ✓ Add truth-tier con…   │                                                                                  
   ● Wire RunDb.GetLast…   │                                                                                  
   ○ Cache gate results…   │                                                                                  
                           │                                                                                  
                           │                                                                                  
                           │                                                                                  
                           │                                                                                  
                           │                                                                                  
                           │                                                                                  
                           │                                                                                  
                           │                                                                                  
                           │                                                                                  
                           │                                                                                  
                           │                                                                                  
                           │                                                                                  
 : cmd  i inject  / search  \ sidebar  ? help  q quit   │   tab focus · ↑↓ pick · ←→ scroll cols · enter run  