 ◆ conductor  ● LIVE  conductor-foreman  F7 Gate caching + truth gates + spee…  ● $0.12  cp 2/40  $0.42       
  a Agent   h Sessions   t Timeline   s Procs   c Console   e Templates   g Plan   r Report                   
                           │                                                                                  
 ▶ PLAN                    │  Quick queries:                                                                  
 ✓ F0 3/3 Foundations      │    cost per stage                                                                
 ✓ F6 5/5 Ink TUI v1       │    which gates fail most                                                         
 ● F7 2/5 Gate c… 1× $0.30 │    recent sessions                                                               
   ✓  F7.1 Plan import     │    verifier scores                                                               
   ✓  F7.2 Re-import diff  │                                                                                  
   ●  F7.3 Truth-gate tier │  SQL:                                                                            
 ○ F8 0/4 conductor chat … │  SELECT s.stage_id, SUM(c.cost_usd) as cost_usd FROM costs c JOIN sessions s O…  
                           │                                                                                  
 ── GATES ──               │  stage_id │ cost_usd                                                             
   ✓  build                │  F1 │ 0.42                                                                       
   ●  test                 │  F7 │ 0.08                                                                       
   ○  lint                 │                                                                                  
                           │                                                                                  
                           │                                                                                  
                           │                                                                                  
                           │                                                                                  
                           │                                                                                  
                           │                                                                                  
                           │                                                                                  
                           │                                                                                  
                           │                                                                                  
                           │                                                                                  
                           │                                                                                  
                           │                                                                                  
                           │                                                                                  
                           │                                                                                  
                           │                                                                                  
                           │                                                                                  
                           │                                                                                  
                           │                                                                                  
 : cmd  i inject  / search  p sidebar  ? help  q quit   │   tab focus · ↑↓ pick · enter run                   