[38;2;49;50;68m╭─────────────────────────────────────────────────────────────────────────────────────╮[m
[38;2;49;50;68m│[m                                                                                     [38;2;49;50;68m│[m
[38;2;49;50;68m│[m  [1;38;2;203;166;247mconductor[m[38;2;108;112;134m · switch this face to which run?[m                                         [38;2;49;50;68m│[m
[38;2;49;50;68m│[m  [38;2;108;112;134m2 runs answering on this machine[m                                                   [38;2;49;50;68m│[m
[38;2;49;50;68m│[m                                                                                     [38;2;49;50;68m│[m
[38;2;49;50;68m│[m  [38;2;205;214;244m * 1  conductor           SF5         Running                      4317   $243.47[m  [38;2;49;50;68m│[m
[38;2;49;50;68m│[m  [38;2;205;214;244;48;2;69;71;90m▸● 2  sk-studio           E           Running                      4318   $280.81[m  [38;2;49;50;68m│[m
[38;2;49;50;68m│[m                                                                                     [38;2;49;50;68m│[m
[38;2;49;50;68m│[m  [38;2;108;112;134m— 2 of 23 past runs (read-only) · conductor history for the rest[m                   [38;2;49;50;68m│[m
[38;2;49;50;68m│[m  [38;2;108;112;134m      conductor           24/24       Completed                       -   $297.24[m  [38;2;49;50;68m│[m
[38;2;49;50;68m│[m  [38;2;108;112;134m      conductor           26/26       Completed                       -   $360.14[m  [38;2;49;50;68m│[m
[38;2;49;50;68m│[m                                                                                     [38;2;49;50;68m│[m
[38;2;49;50;68m│[m  [38;2;108;112;134mrun 7951c3ca  ·  pid 19056  ·  read/write  ·  attached now  ·  29/46 checkpoints[m   [38;2;49;50;68m│[m
[38;2;49;50;68m│[m  [38;2;108;112;134mNINE STREETS  ·  C:/Code/sk-studio[m                                                 [38;2;49;50;68m│[m
[38;2;49;50;68m│[m                                                                                     [38;2;49;50;68m│[m
[38;2;49;50;68m╰─────────────────────────────────────────────────────────────────────────────────────╯[m
 [1;38;2;203;166;247m↑↓[m[38;2;108;112;134m move[m[38;2;108;112;134m · [m[1;38;2;203;166;247m1-9[m[38;2;108;112;134m attach[m[38;2;108;112;134m · [m[1;38;2;203;166;247menter[m[38;2;108;112;134m attach[m[38;2;108;112;134m · [m[1;38;2;203;166;247mesc[m[38;2;108;112;134m cancel[m                                      