[38;2;49;50;68m╭────────────────────────────────────────────────────────────────────────────╮[m
[38;2;49;50;68m│[m                                                                            [38;2;49;50;68m│[m
[38;2;49;50;68m│[m  [1;38;2;203;166;247mconductor[m[38;2;108;112;134m · attach the face to which run?[m                                 [38;2;49;50;68m│[m
[38;2;49;50;68m│[m  [38;2;108;112;134m2 runs answering on this machine[m                                          [38;2;49;50;68m│[m
[38;2;49;50;68m│[m                                                                            [38;2;49;50;68m│[m
[38;2;49;50;68m│[m  [38;2;205;214;244;48;2;69;71;90m▸* 1  conductor       SF5         Running            4317   $243.47[m       [38;2;49;50;68m│[m
[38;2;49;50;68m│[m  [38;2;205;214;244m   2  sk-studio       E           Running            4318   $280.81[m       [38;2;49;50;68m│[m
[38;2;49;50;68m│[m                                                                            [38;2;49;50;68m│[m
[38;2;49;50;68m│[m  [38;2;108;112;134mrun 8cefa5de  ·  pid 35412  ·  read-only (no token)  ·  18/24 checkpoin…[m  [38;2;49;50;68m│[m
[38;2;49;50;68m│[m  [38;2;108;112;134mSarban face - the watcher and the surfaces  ·  C:/code/conductor[m          [38;2;49;50;68m│[m
[38;2;49;50;68m│[m                                                                            [38;2;49;50;68m│[m
[38;2;49;50;68m╰────────────────────────────────────────────────────────────────────────────╯[m
 [1;38;2;203;166;247m↑↓[m[38;2;108;112;134m move[m[38;2;108;112;134m · [m[1;38;2;203;166;247m1-9[m[38;2;108;112;134m attach[m[38;2;108;112;134m · [m[1;38;2;203;166;247menter[m[38;2;108;112;134m attach[m[38;2;108;112;134m · [m[1;38;2;203;166;247mesc[m[38;2;108;112;134m quit[m                               