 ◆ conductor  ● LIVE  …/conductor  ▶ RUNNING  F7  ⠋ s12 $0.12 41s  cp 2/40  run $0.42  ⎇ feat/gate… ↑3↓1 ●    
  h Home  a s o e p r k g b                                                                                   
                                                                                                              
  Server                                                                                                      
  engine     running — answering on http://127.0.0.1:4317                                                     
  streams    ● events   ● transcript                                                                          
  build      v0.2.3-alpha.0.20  7d2b1e378ae3  ·  face d500f00a1b2c                                            
                                                                                                              
  Run                                                                                                         
  plan       conductor-foreman                                                                                
  status     ▶ RUNNING                                                                                        
  stage      F7 Gate caching + truth gates + speed program                                                    
  session    s12 Deliver · attempt 1/3 · opus-4-8                                                             
  progress   ▰▱▱▱▱▱▱▱▱▱▱▱▱▱▱▱▱▱▱▱▱▱▱▱ 2/40 checkpoints                                                        
  cost       $0.42   +$0.02 overhead                                                                          
  tokens     2.5k in · 1.8k out · 900 reasoning                                                               
  budget     $0.42 / $10.00  95% headroom                                                                     
                                                                                                              
  Workspace                                                                                                   
  repo       C:/Code/conductor                                                                                
  plan file  plans/conductor-foreman.plan.json                                                                
                                                                                                              
  Git                                                                                                         
  branch     feat/gate-caching                                                                                
  upstream   origin/feat/gate-caching  3 ahead · 1 behind                                                     
  tree       4 changes uncommitted                                                                            
                                                                                                              
  Next steps                                                                                                  
    a  watch the live agent — it is working right now                                                         
    r  read the run report                                                                                    
    ?  see every key                                                                                          
                                                                                                              
                                                                                                              
 : cmd  i inject  / search  \ sidebar  ? help  q quit   │   a agent · r report · : commands · ? keys          