 ◆ conductor  ● LIVE  …/conductor  ▶ RUNNING  F7 Gate caching + trut…  ⠋ s12 $0.12 41s  cp 2/40  run $0.42              
  h Home  a s t o c e p r k g b d                                                                                       
                              │                                                                                         
 ▶ PLAN                       │  Server                                                                                 
 ✓ F0 3/3 Foundations         │  mode       live                                                                        
 ✓ F6 5/5 Ink TUI v1          │  url        http://127.0.0.1:4317                                                       
 ● F7 2/5 Gate cac… 1× $0.30  │  streams    ● events   ● transcript                                                     
   ✓ F7.1 Plan import         │                                                                                         
   ✓ F7.2 Re-import diff      │  Run                                                                                    
   ● F7.3 Truth-gate tier     │  plan       conductor-foreman                                                           
 ○ F8 0/4 conductor chat + …  │  status     ▶ RUNNING                                                                   
                              │  stage      F7 Gate caching + truth gates + speed program                               
 ── GATES ──                  │  session    s12 Deliver · attempt 1/3 · opus-4-8                                        
   ✓ build                    │  progress   ▰▱▱▱▱▱▱▱▱▱▱▱▱▱▱▱▱▱▱▱▱▱▱▱ 2/40 checkpoints                                   
   ● test 4s                  │  cost       $0.42   +$0.02 overhead                                                     
   ○ lint                     │  tokens     2.5k in · 1.8k out · 900 reasoning                                          
                              │  budget     $0.42 / $10.00  95% headroom                                                
 ── TASKS ──                  │  tokens cap 5.2k / 2.0M  99% headroom                                                   
   ✓ Add truth-tier config…   │                                                                                         
   ● Wire RunDb.GetLastPas…   │  Workspace                                                                              
   ○ Cache gate results by…   │  the working directory every session edits                                              
                              │  repo       C:\Code\conductor                                                           
                              │  plan file  C:\Code\conductor\plans\conductor-foreman.plan.json                         
                              │  tracker    CONDUCTOR-VNEXT-PLAN.md                                                     
                              │  state dir  C:\Code\conductor\.conductor                                                
                              │                                                                                         
                              │  Next steps                                                                             
                              │    a  watch the live agent — it is working right now                                    
                              │    r  read the run report                                                               
 : cmd  i inject  / search  \ sidebar  ? help  q quit   │   a agent · r report · : commands · ? keys                    