 ◆ conductor  ● OFFLINE  waiting for a run at http://127.0.0.1:4317                                           
  a Agent   s Sessions   t Timeline   o Procs   c Console   e Templates   p Plan   r Report   k Knowledge   g 
                           │                                                                                  
 ▶ PLAN                    │                                                                                  
                           │                                                                                  
                           │                                                                                  
                           │                                                                                  
                           │                                                                                  
                           │  ◆ conductor  — the autonomous engineering conductor                             
                           │                                                                                  
                           │  No run attached.                                                                
                           │                                                                                  
                           │  Start one:                                                                      
                           │    conductor run --control-plane -p plans/<your>.plan.json                       
                           │                                                                                  
                           │  This face auto-discovers .conductor/control-plane.json and attaches.            
                           │  Or explore offline:  conductor-face --demo                                      
                           │                                                                                  
                           │  waiting on http://127.0.0.1:4317                                                
                           │                                                                                  
                           │                                                                                  
                           │                                                                                  
                           │                                                                                  
                           │                                                                                  
                           │                                                                                  
                           │                                                                                  
                           │                                                                                  
                           │                                                                                  
                           │                                                                                  
                           │                                                                                  
                           │                                                                                  
                           │                                                                                  
                           │                                                                                  
 : cmd  i inject  / search  \ sidebar  ? help  q quit   │   ↑↓ scroll · f fold · T thinking · / search · end l