 ◆ conductor  ● LIVE                                                                                          
  a Agent   h Sessions   t Timeline   s Procs   c Console   e Templates   g Plan   r Report                   
                           │                                                                                  
 ▶ PLAN                    │                                                                                  
                           │                                                                                  
 ── GATES ──               │                                                                                  
                           │                                                                                  
                           │                                                                                  
                           │                                                                                  
                           │                                                                                  
                           │                                                                                  
                           │                                                                                  
                           │                                                                                  
                           │                                                                                  
                           │                                                                                  
                           │                                                                                  
                           │                                                                                  
                           │                                                                                  
                           │                                                                                  
                           │                                                                                  
                           │                                                                                  
                           │                                                                                  
                           │                                                                                  
                           │                                                                                  
                           │                                                                                  
                           │                                                                                  
                           │                                                                                  
                           │                                                                                  
                           │                                                                                  
                           │                                                                                  
                           │                                                                                  
                           │                                                                                  
                           │                                                                                  
                           │                                                                                  
 : cmd  i inject  / search  p sidebar  ? help  q quit   │   ↑↓ scroll · f fold · / search                     