 ◆ conductor  ● LIVE  …/conductor  ▶ RUNNING  F7  ⠋ s12 $0.12 41s  cp 2/40  run $0.42  ⎇ feat/gate… ↑3↓1 ●    
 h a s o  e Templates  p r k g b                                                                              
                           │                                                                                  
 ▶ PLAN  n× attempts       │  • session.md              │ editing session.md                                  
 ✓ F0 3/3 Foundations      │  ○ fix.md                                                                        
 ✓ F6 5/5 Ink TUI v1       │  ○ resume.md                 SESSION prompt                                      
 ● F7 2/5 Gate … 1× $0.30  │  ○ advisor.md                                                                    
   ✓ F7.1 Plan import      │  ○ audit.md                                                                      
   ✓ F7.2 Re-import diff   │  ○ review.md                                                                     
   ● F7.3 Truth-gate tier  │  ○ verify.md                                                                     
 ○ F8 0/4 conductor chat…  │                                                                                  
                           │                                                                                  
 ── GATES ──               │                                                                                  
   ✓ build                 │                                                                                  
   ● test 4s               │                                                                                  
   ○ lint                  │                                                                                  
                           │                                                                                  
 ── TASKS ──               │                                                                                  
   ✓ Add truth-tier con…   │                                                                                  
   ● Wire RunDb.GetLast…   │                                                                                  
   ○ Cache gate results…   │                                                                                  
                           │                                                                                  
                           │                                                                                  
                           │                                                                                  
                           │                                                                                  
                           │                                                                                  
                           │                                                                                  
                           │                                                                                  
                           │                                                                                  
                           │                                                                                  
                           │                                                                                  
                           │                                                                                  
                           │                                                                                  
 : cmd  i inject  / search  \ sidebar  ? help  q quit   │   ctrl+s save · esc back · ←→↑↓ move · home/end     