Test run for C:\Code\conductor\tests\Conductor.Tests\bin\Debug\net10.0\Conductor.Tests.dll (.NETCoreApp,Version=v10.0)
A total of 1 test files matched the specified pattern.
C:\Code\conductor\tests\Conductor.Tests\bin\Debug\net10.0\Conductor.Tests.dll
[xUnit.net 00:00:00.00] xUnit.net VSTest Adapter v2.8.2+699d445a1a (64-bit .NET 10.0.11)
[xUnit.net 00:00:00.34]   Discovering: Conductor.Tests
[xUnit.net 00:00:00.58]   Discovered:  Conductor.Tests
[xUnit.net 00:00:00.59]   Starting:    Conductor.Tests
  Passed Conductor.Tests.DV2_3ChannelDefectTests.A_conflict_with_an_unreadable_body_still_says_what_a_409_means [140 ms]
  Standard Output Messages:
 ---- poll log under an unreadable 409 ----
 Information|Telegram bot started (poll interval 3600s, 2 allowed chat id(s))
 Error|Telegram getUpdates conflict: 409 Conflict — another process is polling getUpdates with this same bot token. Telegram allows exactly one consumer per token, so the two are stealing each other's updates and inbound control is unreliable for both. Stop the other conductor, or give this run its own bot token. Backing off 5s.
 ---- end ----


  Passed Conductor.Tests.DV2_3ChannelDefectTests.Conflict_backoff_is_five_seconds_per_streak_capped_at_a_minute(streak: 11, expectedSeconds: 55) [7 ms]
  Passed Conductor.Tests.DV2_3ChannelDefectTests.Conflict_backoff_is_five_seconds_per_streak_capped_at_a_minute(streak: 13, expectedSeconds: 60) [3 ms]
  Passed Conductor.Tests.DV2_3ChannelDefectTests.Conflict_backoff_is_five_seconds_per_streak_capped_at_a_minute(streak: 0, expectedSeconds: 5) [2 ms]
  Passed Conductor.Tests.DV2_3ChannelDefectTests.Conflict_backoff_is_five_seconds_per_streak_capped_at_a_minute(streak: 12, expectedSeconds: 60) [3 ms]
  Passed Conductor.Tests.DV2_3ChannelDefectTests.Conflict_backoff_is_five_seconds_per_streak_capped_at_a_minute(streak: 1000, expectedSeconds: 60) [3 ms]
  Passed Conductor.Tests.DV2_3ChannelDefectTests.Conflict_backoff_is_five_seconds_per_streak_capped_at_a_minute(streak: 1, expectedSeconds: 5) [3 ms]
  Passed Conductor.Tests.DV2_3ChannelDefectTests.Conflict_backoff_is_five_seconds_per_streak_capped_at_a_minute(streak: 2, expectedSeconds: 10) [2 ms]
  Passed Conductor.Tests.DV2_3ChannelDefectTests.Started_line_counts_the_resolved_chats_not_the_raw_allow_list [11 ms]
  Standard Output Messages:
 ---- start log, chats-block plan ----
 Information|Telegram bot started (poll interval 60s, 2 allowed chat id(s))
 ---- end ----


  Passed Conductor.Tests.DV2_3ChannelDefectTests.Test_connection_sends_to_the_resolved_admin_chat_on_a_chats_only_plan [98 ms]
  Standard Output Messages:
 ---- bot API calls ----
 sendMessage chat_id=-1002220001
 ---- end ----
 outcome: ok=True bot=dv23_stub_bot error=


  Passed Conductor.Tests.DV2_3ChannelDefectTests.A_plan_with_no_chats_at_all_still_says_it_will_deliver_nothing [7 ms]
  Standard Output Messages:
 ---- start log, no chats ----
 Warning|Telegram bot started (poll interval 60s) but will deliver nothing: token present but no allowedChatIds — bot is push-only to nobody
 ---- end ----


  Passed Conductor.Tests.DV2_3ChannelDefectTests.Test_connection_still_refuses_when_there_is_no_chat_to_reach [9 ms]
  Passed Conductor.Tests.DV2_3FailureReasonTests.The_report_push_failure_line_now_carries_a_reason [1 s]
  Standard Output Messages:
 report push failed: fatal: No configured push destination. | Either specify the URL from the command-line or configure a remote repository using | git remote add <name> <url>


  Passed Conductor.Tests.DV2_3FailureReasonTests.Stdout_is_the_fallback_when_stderr_is_empty [< 1 ms]
  Passed Conductor.Tests.DV2_3FailureReasonTests.A_timeout_says_so_whether_or_not_it_printed_anything [< 1 ms]
  Passed Conductor.Tests.DV2_3FailureReasonTests.A_failure_with_no_output_at_all_is_still_never_the_empty_string(stdout: "", stderr: "") [< 1 ms]
  Standard Output Messages:
 exit code 128, with no output on stdout or stderr


  Passed Conductor.Tests.DV2_3FailureReasonTests.A_failure_with_no_output_at_all_is_still_never_the_empty_string(stdout: null, stderr: null) [< 1 ms]
  Standard Output Messages:
 exit code 128, with no output on stdout or stderr


  Passed Conductor.Tests.DV2_3FailureReasonTests.A_failure_with_no_output_at_all_is_still_never_the_empty_string(stdout: "   ", stderr: "\r\n") [< 1 ms]
  Standard Output Messages:
 exit code 128, with no output on stdout or stderr


  Passed Conductor.Tests.DV2_3FailureReasonTests.A_real_failing_git_push_has_an_empty_stdout_and_a_reason_anyway [143 ms]
  Standard Output Messages:
 exit=128
 stdout=[]
 stderr=[fatal: No configured push destination.
 Either specify the URL from the command-line or configure a remote repository using
 
     git remote add <name> <url>
 
 and then push using the remote name
 
     git push <name>
 
 ]
 FailureReason=[fatal: No configured push destination. | Either specify the URL from the command-line or configure a remote repository using | git remote add <name> <url>]


  Passed Conductor.Tests.DV2_3FailureReasonTests.Stderr_wins_over_stdout_because_that_is_where_git_refuses [< 1 ms]
  Passed Conductor.Tests.DV2_3FailureReasonTests.The_first_lines_are_kept_and_joined_because_a_refusal_leads_with_its_reason [< 1 ms]
[xUnit.net 00:00:05.97]   Finished:    Conductor.Tests
  Passed Conductor.Tests.DV2_3ChannelDefectTests.A_getUpdates_conflict_names_the_other_consumer_and_is_loud_exactly_once [5 s]
  Standard Output Messages:
 ---- poll log under a 409 ----
 Information|Telegram bot started (poll interval 3600s, 2 allowed chat id(s))
 Error|Telegram getUpdates conflict: Conflict: terminated by other getUpdates request; make sure that only one bot instance is running — another process is polling getUpdates with this same bot token. Telegram allows exactly one consumer per token, so the two are stealing each other's updates and inbound control is unreliable for both. Stop the other conductor, or give this run its own bot token. Backing off 5s.
 Debug|Telegram getUpdates still conflicted (poll 2); backing off 10s.
 ---- end ----



Test Run Successful.
Total tests: 22
     Passed: 22
 Total time: 6.4324 Seconds
